2026-08-16 20:13:55,894 | INFO | ========== PIPELINE STARTED ==========
2026-08-16 20:13:55,895 | INFO | STARTED: Transform Raw \u2192 Silver
2026-08-16 20:13:56,514 | INFO | COMPLETED: Transform Raw \u2192 Silver
2026-08-16 20:13:56,514 | INFO | STARTED: Validate Silver Data
2026-08-16 20:13:57,151 | INFO | COMPLETED: Validate Silver Data
2026-08-16 20:13:57,164 | INFO | DATA CLEANING | Original rows: 2039 | Clean rows: 2038 | Removed: 1
2026-08-16 20:13:57,164 | INFO | STARTED: Create Monthly Gold
2026-08-16 20:13:57,708 | INFO | COMPLETED: Create Monthly Gold
2026-08-16 20:13:57,708 | INFO | STARTED: Create Source Gold
2026-08-16 20:13:58,363 | INFO | COMPLETED: Create Source Gold
2026-08-16 20:13:58,363 | INFO | STARTED: Generate Energy Forecast
2026-08-16 20:13:58,934 | ERROR | FAILED: Generate Energy Forecast
2026-08-16 20:15:44,395 | INFO | ========== PIPELINE STARTED ==========
2026-08-16 20:15:44,395 | INFO | STARTED: Transform Raw \u2192 Silver
2026-08-16 20:15:45,139 | INFO | COMPLETED: Transform Raw \u2192 Silver
2026-08-16 20:15:45,140 | INFO | STARTED: Validate Silver Data
2026-08-16 20:15:45,712 | INFO | COMPLETED: Validate Silver Data
2026-08-16 20:15:45,731 | INFO | DATA CLEANING | Original rows: 2039 | Clean rows: 2038 | Removed: 1
2026-08-16 20:15:45,732 | INFO | STARTED: Create Monthly Gold
2026-08-16 20:15:46,353 | INFO | COMPLETED: Create Monthly Gold
2026-08-16 20:15:46,354 | INFO | STARTED: Create Source Gold
2026-08-16 20:15:47,009 | INFO | COMPLETED: Create Source Gold
2026-08-16 20:15:47,010 | INFO | STARTED: Generate Energy Forecast
2026-08-16 20:16:39,886 | ERROR | FAILED: Generate Energy Forecast
2026-08-16 20:16:40,488 | INFO | ========== PIPELINE STARTED ==========
2026-08-16 20:16:40,488 | INFO | STARTED: Transform Raw \u2192 Silver
2026-08-16 20:16:41,078 | INFO | COMPLETED: Transform Raw \u2192 Silver
2026-08-16 20:16:41,078 | INFO | STARTED: Validate Silver Data
2026-08-16 20:16:41,697 | INFO | COMPLETED: Validate Silver Data
2026-08-16 20:16:41,709 | INFO | DATA CLEANING | Original rows: 2039 | Clean rows: 2038 | Removed: 1
2026-08-16 20:16:41,709 | INFO | STARTED: Create Monthly Gold
2026-08-16 20:16:42,254 | INFO | COMPLETED: Create Monthly Gold
2026-08-16 20:16:42,254 | INFO | STARTED: Create Source Gold
2026-08-16 20:16:42,881 | INFO | COMPLETED: Create Source Gold
2026-08-16 20:16:42,882 | INFO | STARTED: Generate Energy Forecast
2026-08-16 20:16:44,139 | ERROR | FAILED: Generate Energy Forecast
2026-08-16 20:17:17,117 | INFO | ========== PIPELINE STARTED ==========
2026-08-16 20:17:17,117 | INFO | STARTED: Transform Raw \u2192 Silver
2026-08-16 20:17:17,760 | INFO | COMPLETED: Transform Raw \u2192 Silver
2026-08-16 20:17:17,761 | INFO | STARTED: Validate Silver Data
2026-08-16 20:17:18,311 | INFO | COMPLETED: Validate Silver Data
2026-08-16 20:17:18,327 | INFO | DATA CLEANING | Original rows: 2039 | Clean rows: 2038 | Removed: 1
2026-08-16 20:17:18,327 | INFO | STARTED: Create Monthly Gold
2026-08-16 20:17:18,952 | INFO | COMPLETED: Create Monthly Gold
2026-08-16 20:17:18,953 | INFO | STARTED: Create Source Gold
2026-08-16 20:17:19,550 | INFO | COMPLETED: Create Source Gold
2026-08-16 20:17:19,550 | INFO | STARTED: Generate Energy Forecast
2026-08-16 20:17:30,500 | INFO | COMPLETED: Generate Energy Forecast
2026-08-16 20:17:30,500 | INFO | ========== PIPELINE COMPLETED SUCCESSFULLY ==========
2026-08-16 21:26:08,280 | INFO | ========== PIPELINE STARTED ==========
2026-08-16 21:26:08,281 | INFO | STARTED: Download Latest SBP Electricity Data
2026-08-16 21:26:17,829 | INFO | COMPLETED: Download Latest SBP Electricity Data
2026-08-16 21:26:17,830 | INFO | STARTED: Transform Raw \u2192 Silver
2026-08-16 21:26:18,611 | ERROR | FAILED: Transform Raw \u2192 Silver
2026-08-16 21:32:03,431 | INFO | ========== PIPELINE STARTED ==========
2026-08-16 21:32:03,432 | INFO | STARTED: Download Latest SBP Electricity Data
2026-08-16 21:32:12,856 | INFO | COMPLETED: Download Latest SBP Electricity Data
2026-08-16 21:32:12,857 | INFO | STARTED: Transform Raw \u2192 Silver
2026-08-16 21:32:13,589 | INFO | COMPLETED: Transform Raw \u2192 Silver
2026-08-16 21:32:13,590 | INFO | STARTED: Validate Silver Data
2026-08-16 21:32:14,285 | INFO | COMPLETED: Validate Silver Data
2026-08-16 21:32:14,307 | INFO | DATA CLEANING | Original rows: 2039 | Clean rows: 2038 | Removed: 1
2026-08-16 21:32:14,307 | INFO | STARTED: Create Monthly Gold
2026-08-16 21:32:15,096 | INFO | COMPLETED: Create Monthly Gold
2026-08-16 21:32:15,096 | INFO | STARTED: Create Source Gold
2026-08-16 21:32:15,759 | INFO | COMPLETED: Create Source Gold
2026-08-16 21:32:15,759 | INFO | STARTED: Generate Energy Forecast
2026-08-16 21:32:19,545 | INFO | COMPLETED: Generate Energy Forecast
2026-08-16 21:32:19,546 | INFO | ========== PIPELINE COMPLETED SUCCESSFULLY ==========
2026-08-24 09:41:34,251 | INFO | ========== PIPELINE STARTED ==========
2026-08-24 09:41:34,252 | INFO | STARTED: Download Latest SBP Electricity Data
2026-08-24 09:42:25,266 | INFO | COMPLETED: Download Latest SBP Electricity Data
2026-08-24 09:42:25,266 | INFO | STARTED: Transform Raw \u2192 Silver
2026-08-24 09:42:26,320 | INFO | COMPLETED: Transform Raw \u2192 Silver
2026-08-24 09:42:26,320 | INFO | STARTED: Validate Silver Data
2026-08-24 09:42:26,936 | INFO | COMPLETED: Validate Silver Data
2026-08-24 09:42:26,955 | INFO | DATA CLEANING | Original rows: 2052 | Clean rows: 2051 | Removed: 1
2026-08-24 09:42:26,956 | INFO | STARTED: Create Monthly Gold
2026-08-24 09:42:27,631 | INFO | COMPLETED: Create Monthly Gold
2026-08-24 09:42:27,631 | INFO | STARTED: Create Source Gold
2026-08-24 09:42:28,273 | INFO | COMPLETED: Create Source Gold
2026-08-24 09:42:28,273 | INFO | STARTED: Generate Energy Forecast
2026-08-24 09:42:38,176 | INFO | COMPLETED: Generate Energy Forecast
2026-08-24 09:42:38,176 | INFO | ========== PIPELINE COMPLETED SUCCESSFULLY ==========
2026-08-24 09:50:35,201 | INFO | ========== PIPELINE STARTED ==========
2026-08-24 09:50:35,201 | INFO | STARTED: Download Latest SBP Electricity Data
2026-08-24 09:50:46,720 | INFO | COMPLETED: Download Latest SBP Electricity Data
2026-08-24 09:50:46,721 | INFO | STARTED: Transform Raw \u2192 Silver
2026-08-24 09:50:47,899 | INFO | COMPLETED: Transform Raw \u2192 Silver
2026-08-24 09:50:47,900 | INFO | STARTED: Validate Silver Data
2026-08-24 09:50:48,651 | INFO | COMPLETED: Validate Silver Data
2026-08-24 09:50:48,670 | INFO | DATA CLEANING | Original rows: 2052 | Clean rows: 2051 | Removed: 1
2026-08-24 09:50:48,670 | INFO | STARTED: Create Monthly Gold
2026-08-24 09:50:49,357 | INFO | COMPLETED: Create Monthly Gold
2026-08-24 09:50:49,358 | INFO | STARTED: Create Source Gold
2026-08-24 09:50:50,359 | INFO | COMPLETED: Create Source Gold
2026-08-24 09:50:50,360 | INFO | STARTED: Generate Energy Forecast
2026-08-24 09:50:54,295 | INFO | COMPLETED: Generate Energy Forecast
2026-08-24 09:50:54,296 | INFO | STARTED: Upload Raw Data to Azure Bronze
2026-08-24 09:51:00,507 | INFO | COMPLETED: Upload Raw Data to Azure Bronze
2026-08-24 09:51:00,508 | INFO | STARTED: Upload Silver Data to Azure
2026-08-24 09:51:02,798 | INFO | COMPLETED: Upload Silver Data to Azure
2026-08-24 09:51:02,798 | INFO | STARTED: Upload Gold Data to Azure
2026-08-24 09:51:06,252 | INFO | COMPLETED: Upload Gold Data to Azure
2026-08-24 09:51:06,253 | INFO | STARTED: Upload Source Gold Data to Azure
2026-08-24 09:51:12,094 | INFO | COMPLETED: Upload Source Gold Data to Azure
2026-08-24 09:51:12,094 | INFO | ========== PIPELINE COMPLETED SUCCESSFULLY ==========
2026-08-24 21:26:51,579 | INFO | ========== PIPELINE STARTED ==========
2026-08-24 21:26:51,580 | INFO | STARTED: Download Latest SBP Electricity Data
2026-08-24 21:27:04,071 | INFO | COMPLETED: Download Latest SBP Electricity Data
2026-08-24 21:27:04,072 | INFO | STARTED: Transform Raw \u2192 Silver
2026-08-24 21:27:05,147 | INFO | COMPLETED: Transform Raw \u2192 Silver
2026-08-24 21:27:05,148 | INFO | STARTED: Validate Silver Data
2026-08-24 21:27:05,810 | INFO | COMPLETED: Validate Silver Data
2026-08-24 21:27:05,827 | INFO | DATA CLEANING | Original rows: 2052 | Clean rows: 2051 | Removed: 1
2026-08-24 21:27:05,828 | INFO | STARTED: Create Monthly Gold
2026-08-24 21:27:06,591 | INFO | COMPLETED: Create Monthly Gold
2026-08-24 21:27:06,592 | INFO | STARTED: Create Source Gold
2026-08-24 21:27:07,284 | INFO | COMPLETED: Create Source Gold
2026-08-24 21:27:07,284 | INFO | STARTED: Generate Energy Forecast
2026-08-24 21:27:11,752 | INFO | COMPLETED: Generate Energy Forecast
2026-08-24 21:27:11,753 | INFO | STARTED: Upload Raw Data to Azure Bronze
2026-08-24 21:27:14,201 | INFO | COMPLETED: Upload Raw Data to Azure Bronze
2026-08-24 21:27:14,202 | INFO | STARTED: Upload Silver Data to Azure
2026-08-24 21:27:16,119 | INFO | COMPLETED: Upload Silver Data to Azure
2026-08-24 21:27:16,119 | INFO | STARTED: Upload Gold Data to Azure
2026-08-24 21:27:18,025 | INFO | COMPLETED: Upload Gold Data to Azure
2026-08-24 21:27:18,025 | INFO | STARTED: Upload Source Gold Data to Azure
2026-08-24 21:27:19,731 | INFO | COMPLETED: Upload Source Gold Data to Azure
2026-08-24 21:27:19,732 | INFO | ========== PIPELINE COMPLETED SUCCESSFULLY ==========
2026-08-26 22:29:02,028 | INFO | ========== PIPELINE STARTED ==========
2026-08-26 22:29:02,029 | INFO | STARTED: Download Latest SBP Electricity Data
2026-08-26 22:29:24,221 | ERROR | FAILED: Download Latest SBP Electricity Data
2026-08-26 22:32:54,705 | INFO | ========== PIPELINE STARTED ==========
2026-08-26 22:32:54,705 | INFO | STARTED: Download Latest SBP Electricity Data
2026-08-26 22:33:35,656 | INFO | COMPLETED: Download Latest SBP Electricity Data
2026-08-26 22:33:35,657 | INFO | STARTED: Transform Raw \u2192 Silver
2026-08-26 22:33:36,254 | INFO | COMPLETED: Transform Raw \u2192 Silver
2026-08-26 22:33:36,255 | INFO | STARTED: Validate Silver Data
2026-08-26 22:33:36,690 | INFO | COMPLETED: Validate Silver Data
2026-08-26 22:33:36,699 | INFO | DATA CLEANING | Original rows: 2052 | Clean rows: 2051 | Removed: 1
2026-08-26 22:33:36,700 | INFO | STARTED: Create Monthly Gold
2026-08-26 22:33:37,157 | INFO | COMPLETED: Create Monthly Gold
2026-08-26 22:33:37,157 | INFO | STARTED: Create Source Gold
2026-08-26 22:33:37,718 | INFO | COMPLETED: Create Source Gold
2026-08-26 22:33:37,718 | INFO | STARTED: Generate Energy Forecast
2026-08-26 22:33:52,308 | INFO | COMPLETED: Generate Energy Forecast
2026-08-26 22:33:52,308 | INFO | STARTED: Generate Intelligence Insights
2026-08-26 22:34:32,826 | INFO | COMPLETED: Generate Intelligence Insights
2026-08-26 22:34:32,832 | INFO | STARTED: Upload Raw Data to Azure Bronze
2026-08-26 22:34:37,413 | INFO | COMPLETED: Upload Raw Data to Azure Bronze
2026-08-26 22:34:37,413 | INFO | STARTED: Upload Silver Data to Azure
2026-08-26 22:34:39,329 | INFO | COMPLETED: Upload Silver Data to Azure
2026-08-26 22:34:39,330 | INFO | STARTED: Upload Gold Data to Azure
2026-08-26 22:34:40,920 | INFO | COMPLETED: Upload Gold Data to Azure
2026-08-26 22:34:40,920 | INFO | STARTED: Upload Source Gold Data to Azure
2026-08-26 22:34:42,640 | INFO | COMPLETED: Upload Source Gold Data to Azure
2026-08-26 22:34:42,641 | INFO | ========== PIPELINE COMPLETED SUCCESSFULLY ==========
